Archive member included to satisfy reference by file (symbol)

/Applications/STM32CubeIDE.app/Contents/Eclipse/plugins/com.st.stm32cube.ide.mcu.externaltools.gnu-tools-for-stm32.11.3.rel1.macos64_1.1.0.202305231506/tools/bin/../lib/gcc/arm-none-eabi/11.3.1/../../../../arm-none-eabi/lib/thumb/v6-m/nofp/libc_nano.a(libc_a-exit.o)
                              /Applications/STM32CubeIDE.app/Contents/Eclipse/plugins/com.st.stm32cube.ide.mcu.externaltools.gnu-tools-for-stm32.11.3.rel1.macos64_1.1.0.202305231506/tools/bin/../lib/gcc/arm-none-eabi/11.3.1/../../../../arm-none-eabi/lib/thumb/v6-m/nofp/crt0.o (exit)
/Applications/STM32CubeIDE.app/Contents/Eclipse/plugins/com.st.stm32cube.ide.mcu.externaltools.gnu-tools-for-stm32.11.3.rel1.macos64_1.1.0.202305231506/tools/bin/../lib/gcc/arm-none-eabi/11.3.1/../../../../arm-none-eabi/lib/thumb/v6-m/nofp/libc_nano.a(libc_a-findfp.o)
                              /Applications/STM32CubeIDE.app/Contents/Eclipse/plugins/com.st.stm32cube.ide.mcu.externaltools.gnu-tools-for-stm32.11.3.rel1.macos64_1.1.0.202305231506/tools/bin/../lib/gcc/arm-none-eabi/11.3.1/../../../../arm-none-eabi/lib/thumb/v6-m/nofp/libc_nano.a(libc_a-exit.o) (__stdio_exit_handler)
/Applications/STM32CubeIDE.app/Contents/Eclipse/plugins/com.st.stm32cube.ide.mcu.externaltools.gnu-tools-for-stm32.11.3.rel1.macos64_1.1.0.202305231506/tools/bin/../lib/gcc/arm-none-eabi/11.3.1/../../../../arm-none-eabi/lib/thumb/v6-m/nofp/libc_nano.a(libc_a-fwalk.o)
                              /Applications/STM32CubeIDE.app/Contents/Eclipse/plugins/com.st.stm32cube.ide.mcu.externaltools.gnu-tools-for-stm32.11.3.rel1.macos64_1.1.0.202305231506/tools/bin/../lib/gcc/arm-none-eabi/11.3.1/../../../../arm-none-eabi/lib/thumb/v6-m/nofp/libc_nano.a(libc_a-findfp.o) (_fwalk_sglue)
/Applications/STM32CubeIDE.app/Contents/Eclipse/plugins/com.st.stm32cube.ide.mcu.externaltools.gnu-tools-for-stm32.11.3.rel1.macos64_1.1.0.202305231506/tools/bin/../lib/gcc/arm-none-eabi/11.3.1/../../../../arm-none-eabi/lib/thumb/v6-m/nofp/libc_nano.a(libc_a-memset.o)
                              /Applications/STM32CubeIDE.app/Contents/Eclipse/plugins/com.st.stm32cube.ide.mcu.externaltools.gnu-tools-for-stm32.11.3.rel1.macos64_1.1.0.202305231506/tools/bin/../lib/gcc/arm-none-eabi/11.3.1/../../../../arm-none-eabi/lib/thumb/v6-m/nofp/crt0.o (memset)
/Applications/STM32CubeIDE.app/Contents/Eclipse/plugins/com.st.stm32cube.ide.mcu.externaltools.gnu-tools-for-stm32.11.3.rel1.macos64_1.1.0.202305231506/tools/bin/../lib/gcc/arm-none-eabi/11.3.1/../../../../arm-none-eabi/lib/thumb/v6-m/nofp/libc_nano.a(libc_a-impure.o)
                              /Applications/STM32CubeIDE.app/Contents/Eclipse/plugins/com.st.stm32cube.ide.mcu.externaltools.gnu-tools-for-stm32.11.3.rel1.macos64_1.1.0.202305231506/tools/bin/../lib/gcc/arm-none-eabi/11.3.1/../../../../arm-none-eabi/lib/thumb/v6-m/nofp/libc_nano.a(libc_a-findfp.o) (_impure_data)
/Applications/STM32CubeIDE.app/Contents/Eclipse/plugins/com.st.stm32cube.ide.mcu.externaltools.gnu-tools-for-stm32.11.3.rel1.macos64_1.1.0.202305231506/tools/bin/../lib/gcc/arm-none-eabi/11.3.1/../../../../arm-none-eabi/lib/thumb/v6-m/nofp/libc_nano.a(libc_a-errno.o)
                              ./Core/Src/syscalls.o (__errno)
/Applications/STM32CubeIDE.app/Contents/Eclipse/plugins/com.st.stm32cube.ide.mcu.externaltools.gnu-tools-for-stm32.11.3.rel1.macos64_1.1.0.202305231506/tools/bin/../lib/gcc/arm-none-eabi/11.3.1/../../../../arm-none-eabi/lib/thumb/v6-m/nofp/libc_nano.a(libc_a-init.o)
                              /Applications/STM32CubeIDE.app/Contents/Eclipse/plugins/com.st.stm32cube.ide.mcu.externaltools.gnu-tools-for-stm32.11.3.rel1.macos64_1.1.0.202305231506/tools/bin/../lib/gcc/arm-none-eabi/11.3.1/../../../../arm-none-eabi/lib/thumb/v6-m/nofp/crt0.o (__libc_init_array)
/Applications/STM32CubeIDE.app/Contents/Eclipse/plugins/com.st.stm32cube.ide.mcu.externaltools.gnu-tools-for-stm32.11.3.rel1.macos64_1.1.0.202305231506/tools/bin/../lib/gcc/arm-none-eabi/11.3.1/../../../../arm-none-eabi/lib/thumb/v6-m/nofp/libc_nano.a(libc_a-lock.o)
                              /Applications/STM32CubeIDE.app/Contents/Eclipse/plugins/com.st.stm32cube.ide.mcu.externaltools.gnu-tools-for-stm32.11.3.rel1.macos64_1.1.0.202305231506/tools/bin/../lib/gcc/arm-none-eabi/11.3.1/../../../../arm-none-eabi/lib/thumb/v6-m/nofp/libc_nano.a(libc_a-findfp.o) (__retarget_lock_init_recursive)
/Applications/STM32CubeIDE.app/Contents/Eclipse/plugins/com.st.stm32cube.ide.mcu.externaltools.gnu-tools-for-stm32.11.3.rel1.macos64_1.1.0.202305231506/tools/bin/../lib/gcc/arm-none-eabi/11.3.1/../../../../arm-none-eabi/lib/thumb/v6-m/nofp/libc_nano.a(libc_a-mallocr.o)
                              /Applications/STM32CubeIDE.app/Contents/Eclipse/plugins/com.st.stm32cube.ide.mcu.externaltools.gnu-tools-for-stm32.11.3.rel1.macos64_1.1.0.202305231506/tools/bin/../lib/gcc/arm-none-eabi/11.3.1/../../../../arm-none-eabi/lib/thumb/v6-m/nofp/libc_nano.a(libc_a-findfp.o) (_malloc_r)
[...]
Memory Configuration

Name             Origin             Length             Attributes
RAM              0x0000000020000000 0x0000000000000800 xrw
FLASH            0x0000000008000000 0x0000000000004000 xr
*default*        0x0000000000000000 0xffffffffffffffff

Linker script and memory map

LOAD /Applications/STM32CubeIDE.app/Contents/Eclipse/plugins/com.st.stm32cube.ide.mcu.externaltools.gnu-tools-for-stm32.11.3.rel1.macos64_1.1.0.202305231506/tools/bin/../lib/gcc/arm-none-eabi/11.3.1/thumb/v6-m/nofp/crti.o
LOAD /Applications/STM32CubeIDE.app/Contents/Eclipse/plugins/com.st.stm32cube.ide.mcu.externaltools.gnu-tools-for-stm32.11.3.rel1.macos64_1.1.0.202305231506/tools/bin/../lib/gcc/arm-none-eabi/11.3.1/thumb/v6-m/nofp/crtbegin.o
LOAD /Applications/STM32CubeIDE.app/Contents/Eclipse/plugins/com.st.stm32cube.ide.mcu.externaltools.gnu-tools-for-stm32.11.3.rel1.macos64_1.1.0.202305231506/tools/bin/../lib/gcc/arm-none-eabi/11.3.1/../../../../arm-none-eabi/lib/thumb/v6-m/nofp/crt0.o
LOAD ./Core/Src/main.o
LOAD ./Core/Src/stm32l0xx_hal_msp.o
LOAD ./Core/Src/stm32l0xx_it.o
LOAD ./Core/Src/syscalls.o
LOAD ./Core/Src/sysmem.o
LOAD ./Core/Src/system_stm32l0xx.o
LOAD ./Core/Startup/startup_stm32l011f4ux.o
LOAD ./Drivers/STM32L0xx_HAL_Driver/stm32l0xx_hal.o
LOAD ./Drivers/STM32L0xx_HAL_Driver/stm32l0xx_hal_cortex.o
LOAD ./Drivers/STM32L0xx_HAL_Driver/stm32l0xx_hal_dma.o
LOAD ./Drivers/STM32L0xx_HAL_Driver/stm32l0xx_hal_exti.o
LOAD ./Drivers/STM32L0xx_HAL_Driver/stm32l0xx_hal_flash.o
LOAD ./Drivers/STM32L0xx_HAL_Driver/stm32l0xx_hal_flash_ex.o
LOAD ./Drivers/STM32L0xx_HAL_Driver/stm32l0xx_hal_flash_ramfunc.o
LOAD ./Drivers/STM32L0xx_HAL_Driver/stm32l0xx_hal_gpio.o
LOAD ./Drivers/STM32L0xx_HAL_Driver/stm32l0xx_hal_i2c.o
LOAD ./Drivers/STM32L0xx_HAL_Driver/stm32l0xx_hal_i2c_ex.o
LOAD ./Drivers/STM32L0xx_HAL_Driver/stm32l0xx_hal_pwr.o
LOAD ./Drivers/STM32L0xx_HAL_Driver/stm32l0xx_hal_pwr_ex.o
LOAD ./Drivers/STM32L0xx_HAL_Driver/stm32l0xx_hal_rcc.o
LOAD ./Drivers/STM32L0xx_HAL_Driver/stm32l0xx_hal_rcc_ex.o
LOAD ./Drivers/STM32L0xx_HAL_Driver/stm32l0xx_hal_spi.o
LOAD ./Drivers/STM32L0xx_HAL_Driver/stm32l0xx_hal_tim.o
LOAD ./Drivers/STM32L0xx_HAL_Driver/stm32l0xx_hal_tim_ex.o
LOAD ./Drivers/STM32L0xx_HAL_Driver/stm32l0xx_hal_uart.o
LOAD ./Drivers/STM32L0xx_HAL_Driver/stm32l0xx_hal_uart_ex.o
START GROUP
LOAD /Applications/STM32CubeIDE.app/Contents/Eclipse/plugins/com.st.stm32cube.ide.mcu.externaltools.gnu-tools-for-stm32.11.3.rel1.macos64_1.1.0.202305231506/tools/bin/../lib/gcc/arm-none-eabi/11.3.1/../../../../arm-none-eabi/lib/thumb/v6-m/nofp/libc_nano.a
LOAD /Applications/STM32CubeIDE.app/Contents/Eclipse/plugins/com.st.stm32cube.ide.mcu.externaltools.gnu-tools-for-stm32.11.3.rel1.macos64_1.1.0.202305231506/tools/bin/../lib/gcc/arm-none-eabi/11.3.1/../../../../arm-none-eabi/lib/thumb/v6-m/nofp/libm.a
END GROUP
START GROUP
LOAD /Applications/STM32CubeIDE.app/Contents/Eclipse/plugins/com.st.stm32cube.ide.mcu.externaltools.gnu-tools-for-stm32.11.3.rel1.macos64_1.1.0.202305231506/tools/bin/../lib/gcc/arm-none-eabi/11.3.1/thumb/v6-m/nofp/libgcc.a
LOAD /Applications/STM32CubeIDE.app/Contents/Eclipse/plugins/com.st.stm32cube.ide.mcu.externaltools.gnu-tools-for-stm32.11.3.rel1.macos64_1.1.0.202305231506/tools/bin/../lib/gcc/arm-none-eabi/11.3.1/../../../../arm-none-eabi/lib/thumb/v6-m/nofp/libc_nano.a
END GROUP
START GROUP
LOAD /Applications/STM32CubeIDE.app/Contents/Eclipse/plugins/com.st.stm32cube.ide.mcu.externaltools.gnu-tools-for-stm32.11.3.rel1.macos64_1.1.0.202305231506/tools/bin/../lib/gcc/arm-none-eabi/11.3.1/thumb/v6-m/nofp/libgcc.a
LOAD /Applications/STM32CubeIDE.app/Contents/Eclipse/plugins/com.st.stm32cube.ide.mcu.externaltools.gnu-tools-for-stm32.11.3.rel1.macos64_1.1.0.202305231506/tools/bin/../lib/gcc/arm-none-eabi/11.3.1/../../../../arm-none-eabi/lib/thumb/v6-m/nofp/libc_nano.a
LOAD /Applications/STM32CubeIDE.app/Contents/Eclipse/plugins/com.st.stm32cube.ide.mcu.externaltools.gnu-tools-for-stm32.11.3.rel1.macos64_1.1.0.202305231506/tools/bin/../lib/gcc/arm-none-eabi/11.3.1/../../../../arm-none-eabi/lib/thumb/v6-m/nofp/libnosys.a
END GROUP
START GROUP
LOAD /Applications/STM32CubeIDE.app/Contents/Eclipse/plugins/com.st.stm32cube.ide.mcu.externaltools.gnu-tools-for-stm32.11.3.rel1.macos64_1.1.0.202305231506/tools/bin/../lib/gcc/arm-none-eabi/11.3.1/thumb/v6-m/nofp/libgcc.a
LOAD /Applications/STM32CubeIDE.app/Contents/Eclipse/plugins/com.st.stm32cube.ide.mcu.externaltools.gnu-tools-for-stm32.11.3.rel1.macos64_1.1.0.202305231506/tools/bin/../lib/gcc/arm-none-eabi/11.3.1/../../../../arm-none-eabi/lib/thumb/v6-m/nofp/libc_nano.a
LOAD /Applications/STM32CubeIDE.app/Contents/Eclipse/plugins/com.st.stm32cube.ide.mcu.externaltools.gnu-tools-for-stm32.11.3.rel1.macos64_1.1.0.202305231506/tools/bin/../lib/gcc/arm-none-eabi/11.3.1/../../../../arm-none-eabi/lib/thumb/v6-m/nofp/libnosys.a
END GROUP
LOAD /Applications/STM32CubeIDE.app/Contents/Eclipse/plugins/com.st.stm32cube.ide.mcu.externaltools.gnu-tools-for-stm32.11.3.rel1.macos64_1.1.0.202305231506/tools/bin/../lib/gcc/arm-none-eabi/11.3.1/thumb/v6-m/nofp/crtend.o
LOAD /Applications/STM32CubeIDE.app/Contents/Eclipse/plugins/com.st.stm32cube.ide.mcu.externaltools.gnu-tools-for-stm32.11.3.rel1.macos64_1.1.0.202305231506/tools/bin/../lib/gcc/arm-none-eabi/11.3.1/thumb/v6-m/nofp/crtn.o
                0x0000000020000800                _estack = (ORIGIN (RAM) + LENGTH (RAM))
                0x0000000000000000                _Min_Heap_Size = 0x0
                0x0000000000000400                _Min_Stack_Size = 0x400

.isr_vector     0x0000000008000000       0xc0
                0x0000000008000000                . = ALIGN (0x4)
 *(.isr_vector)
 .isr_vector    0x0000000008000000       0xc0 ./Core/Startup/startup_stm32l011f4ux.o
                0x0000000008000000                g_pfnVectors
                0x00000000080000c0                . = ALIGN (0x4)

.text           0x00000000080000c0     0x3140
                0x00000000080000c0                . = ALIGN (0x4)
 *(.text)
 .text          0x00000000080000c0       0x48 /Applications/STM32CubeIDE.app/Contents/Eclipse/plugins/com.st.stm32cube.ide.mcu.externaltools.gnu-tools-for-stm32.11.3.rel1.macos64_1.1.0.202305231506/tools/bin/../lib/gcc/arm-none-eabi/11.3.1/thumb/v6-m/nofp/crtbegin.o
 .text          0x0000000008000108      0x114 /Applications/STM32CubeIDE.app/Contents/Eclipse/plugins/com.st.stm32cube.ide.mcu.externaltools.gnu-tools-for-stm32.11.3.rel1.macos64_1.1.0.202305231506/tools/bin/../lib/gcc/arm-none-eabi/11.3.1/thumb/v6-m/nofp/libgcc.a(_udivsi3.o)
                0x0000000008000108                __udivsi3
                0x0000000008000108                __aeabi_uidiv
                0x0000000008000214                __aeabi_uidivmod
 .text          0x000000000800021c        0x4 /Applications/STM32CubeIDE.app/Contents/Eclipse/plugins/com.st.stm32cube.ide.mcu.externaltools.gnu-tools-for-stm32.11.3.rel1.macos64_1.1.0.202305231506/tools/bin/../lib/gcc/arm-none-eabi/11.3.1/thumb/v6-m/nofp/libgcc.a(_dvmd_tls.o)
                0x000000000800021c                __aeabi_ldiv0
                0x000000000800021c                __aeabi_idiv0
 .text          0x0000000008000220       0x40 /Applications/STM32CubeIDE.app/Contents/Eclipse/plugins/com.st.stm32cube.ide.mcu.externaltools.gnu-tools-for-stm32.11.3.rel1.macos64_1.1.0.202305231506/tools/bin/../lib/gcc/arm-none-eabi/11.3.1/thumb/v6-m/nofp/libgcc.a(_aeabi_uldivmod.o)
                0x0000000008000220                __aeabi_uldivmod
 .text          0x0000000008000260       0x5c /Applications/STM32CubeIDE.app/Contents/Eclipse/plugins/com.st.stm32cube.ide.mcu.externaltools.gnu-tools-for-stm32.11.3.rel1.macos64_1.1.0.202305231506/tools/bin/../lib/gcc/arm-none-eabi/11.3.1/thumb/v6-m/nofp/libgcc.a(_muldi3.o)
                0x0000000008000260                __aeabi_lmul
                0x0000000008000260                __muldi3
 .text          0x00000000080002bc      0x198 /Applications/STM32CubeIDE.app/Contents/Eclipse/plugins/com.st.stm32cube.ide.mcu.externaltools.gnu-tools-for-stm32.11.3.rel1.macos64_1.1.0.202305231506/tools/bin/../lib/gcc/arm-none-eabi/11.3.1/thumb/v6-m/nofp/libgcc.a(_udivmoddi4.o)
                0x00000000080002bc                __udivmoddi4
 .text          0x0000000008000454       0x18 /Applications/STM32CubeIDE.app/Contents/Eclipse/plugins/com.st.stm32cube.ide.mcu.externaltools.gnu-tools-for-stm32.11.3.rel1.macos64_1.1.0.202305231506/tools/bin/../lib/gcc/arm-none-eabi/11.3.1/thumb/v6-m/nofp/libgcc.a(_clzdi2.o)
                0x0000000008000454                __clzdi2
 .text          0x000000000800046c       0x3c /Applications/STM32CubeIDE.app/Contents/Eclipse/plugins/com.st.stm32cube.ide.mcu.externaltools.gnu-tools-for-stm32.11.3.rel1.macos64_1.1.0.202305231506/tools/bin/../lib/gcc/arm-none-eabi/11.3.1/thumb/v6-m/nofp/libgcc.a(_clzsi2.o)
                0x000000000800046c                __clzsi2
 *(.text*)
 .text.main     0x00000000080004a8       0x34 ./Core/Src/main.o
                0x00000000080004a8                main
 .text.SystemClock_Config
                0x00000000080004dc       0xec ./Core/Src/main.o
                0x00000000080004dc                SystemClock_Config
 .text.MX_I2C1_Init
                0x00000000080005c8       0x8c ./Core/Src/main.o
 .text.MX_SPI1_Init
                0x0000000008000654       0x70 ./Core/Src/main.o
 .text.MX_TIM2_Init
                0x00000000080006c4       0xc0 ./Core/Src/main.o
 .text.MX_USART2_UART_Init
                0x0000000008000784       0x60 ./Core/Src/main.o
 .text.MX_GPIO_Init
                0x00000000080007e4       0xd8 ./Core/Src/main.o
 .text.Error_Handler
                0x00000000080008bc        0xa ./Core/Src/main.o
                0x00000000080008bc                Error_Handler
 *fill*         0x00000000080008c6        0x2 
 .text.HAL_MspInit
                0x00000000080008c8       0x28 ./Core/Src/stm32l0xx_hal_msp.o
                0x00000000080008c8                HAL_MspInit
 .text.HAL_I2C_MspInit
                0x00000000080008f0       0x88 ./Core/Src/stm32l0xx_hal_msp.o
                0x00000000080008f0                HAL_I2C_MspInit
 .text.HAL_SPI_MspInit
                0x0000000008000978       0x88 ./Core/Src/stm32l0xx_hal_msp.o
                0x0000000008000978                HAL_SPI_MspInit
 .text.HAL_TIM_PWM_MspInit
                0x0000000008000a00       0x2c ./Core/Src/stm32l0xx_hal_msp.o
                0x0000000008000a00                HAL_TIM_PWM_MspInit
 .text.HAL_TIM_MspPostInit
                0x0000000008000a2c       0x78 ./Core/Src/stm32l0xx_hal_msp.o
                0x0000000008000a2c                HAL_TIM_MspPostInit
 .text.HAL_UART_MspInit
                0x0000000008000aa4       0x88 ./Core/Src/stm32l0xx_hal_msp.o
                0x0000000008000aa4                HAL_UART_MspInit
 .text.NMI_Handler
                0x0000000008000b2c        0x6 ./Core/Src/stm32l0xx_it.o
                0x0000000008000b2c                NMI_Handler
 .text.HardFault_Handler
                0x0000000008000b32        0x6 ./Core/Src/stm32l0xx_it.o
                0x0000000008000b32                HardFault_Handler
 .text.SVC_Handler
                0x0000000008000b38        0xa ./Core/Src/stm32l0xx_it.o
                0x0000000008000b38                SVC_Handler
 .text.PendSV_Handler
                0x0000000008000b42        0xa ./Core/Src/stm32l0xx_it.o
                0x0000000008000b42                PendSV_Handler
 .text.SysTick_Handler
                0x0000000008000b4c        0xe ./Core/Src/stm32l0xx_it.o
                0x0000000008000b4c                SysTick_Handler
 .text.SystemInit
                0x0000000008000b5a        0xa ./Core/Src/system_stm32l0xx.o
                0x0000000008000b5a                SystemInit
 .text.Reset_Handler
                0x0000000008000b64       0x80 ./Core/Startup/startup_stm32l011f4ux.o
                0x0000000008000b64                Reset_Handler
 .text.Default_Handler
                0x0000000008000be4        0x2 ./Core/Startup/startup_stm32l011f4ux.o
                0x0000000008000be4                LPTIM1_IRQHandler
                0x0000000008000be4                PVD_IRQHandler
                0x0000000008000be4                I2C1_IRQHandler
                0x0000000008000be4                SPI1_IRQHandler
                0x0000000008000be4                EXTI2_3_IRQHandler
                0x0000000008000be4                RTC_IRQHandler
                0x0000000008000be4                EXTI4_15_IRQHandler
                0x0000000008000be4                RCC_IRQHandler
                0x0000000008000be4                DMA1_Channel1_IRQHandler
                0x0000000008000be4                Default_Handler
                0x0000000008000be4                DMA1_Channel4_5_IRQHandler
                0x0000000008000be4                EXTI0_1_IRQHandler
                0x0000000008000be4                TIM21_IRQHandler
                0x0000000008000be4                WWDG_IRQHandler
                0x0000000008000be4                LPUART1_IRQHandler
                0x0000000008000be4                TIM2_IRQHandler
                0x0000000008000be4                DMA1_Channel2_3_IRQHandler
                0x0000000008000be4                USART2_IRQHandler
                0x0000000008000be4                FLASH_IRQHandler
                0x0000000008000be4                ADC1_COMP_IRQHandler
 *fill*         0x0000000008000be6        0x2 
 .text.HAL_Init
                0x0000000008000be8       0x40 ./Drivers/STM32L0xx_HAL_Driver/stm32l0xx_hal.o
                0x0000000008000be8                HAL_Init
 .text.HAL_InitTick
                0x0000000008000c28       0x68 ./Drivers/STM32L0xx_HAL_Driver/stm32l0xx_hal.o
                0x0000000008000c28                HAL_InitTick
 .text.HAL_IncTick
                0x0000000008000c90       0x24 ./Drivers/STM32L0xx_HAL_Driver/stm32l0xx_hal.o
                0x0000000008000c90                HAL_IncTick
 .text.HAL_GetTick
                0x0000000008000cb4       0x14 ./Drivers/STM32L0xx_HAL_Driver/stm32l0xx_hal.o
                0x0000000008000cb4                HAL_GetTick
 .text.HAL_Delay
                0x0000000008000cc8       0x48 ./Drivers/STM32L0xx_HAL_Driver/stm32l0xx_hal.o
                0x0000000008000cc8                HAL_Delay
 .text.__NVIC_SetPriority
                0x0000000008000d10       0xdc ./Drivers/STM32L0xx_HAL_Driver/stm32l0xx_hal_cortex.o
 .text.SysTick_Config
                0x0000000008000dec       0x48 ./Drivers/STM32L0xx_HAL_Driver/stm32l0xx_hal_cortex.o
 .text.HAL_NVIC_SetPriority
                0x0000000008000e34       0x2a ./Drivers/STM32L0xx_HAL_Driver/stm32l0xx_hal_cortex.o
                0x0000000008000e34                HAL_NVIC_SetPriority
 .text.HAL_SYSTICK_Config
                0x0000000008000e5e       0x1a ./Drivers/STM32L0xx_HAL_Driver/stm32l0xx_hal_cortex.o
                0x0000000008000e5e                HAL_SYSTICK_Config
 .text.HAL_GPIO_Init
                0x0000000008000e78      0x2cc ./Drivers/STM32L0xx_HAL_Driver/stm32l0xx_hal_gpio.o
                0x0000000008000e78                HAL_GPIO_Init
 .text.HAL_GPIO_WritePin
                0x0000000008001144       0x3a ./Drivers/STM32L0xx_HAL_Driver/stm32l0xx_hal_gpio.o
                0x0000000008001144                HAL_GPIO_WritePin
 *fill*         0x000000000800117e        0x2 
 .text.HAL_I2C_Init
                0x0000000008001180      0x12c ./Drivers/STM32L0xx_HAL_Driver/stm32l0xx_hal_i2c.o
                0x0000000008001180                HAL_I2C_Init
 .text.HAL_I2CEx_ConfigAnalogFilter
                0x00000000080012ac       0x98 ./Drivers/STM32L0xx_HAL_Driver/stm32l0xx_hal_i2c_ex.o
                0x00000000080012ac                HAL_I2CEx_ConfigAnalogFilter
 .text.HAL_I2CEx_ConfigDigitalFilter
                0x0000000008001344       0x98 ./Drivers/STM32L0xx_HAL_Driver/stm32l0xx_hal_i2c_ex.o
                0x0000000008001344                HAL_I2CEx_ConfigDigitalFilter
 .text.HAL_I2CEx_EnableFastModePlus
                0x00000000080013dc       0x30 ./Drivers/STM32L0xx_HAL_Driver/stm32l0xx_hal_i2c_ex.o
                0x00000000080013dc                HAL_I2CEx_EnableFastModePlus
 .text.HAL_RCC_OscConfig
                0x000000000800140c      0x6f8 ./Drivers/STM32L0xx_HAL_Driver/stm32l0xx_hal_rcc.o
                0x000000000800140c                HAL_RCC_OscConfig
 .text.HAL_RCC_ClockConfig
                0x0000000008001b04      0x290 ./Drivers/STM32L0xx_HAL_Driver/stm32l0xx_hal_rcc.o
                0x0000000008001b04                HAL_RCC_ClockConfig
 .text.HAL_RCC_GetSysClockFreq
                0x0000000008001d94      0x14c ./Drivers/STM32L0xx_HAL_Driver/stm32l0xx_hal_rcc.o
                0x0000000008001d94                HAL_RCC_GetSysClockFreq
 .text.HAL_RCC_GetHCLKFreq
                0x0000000008001ee0       0x14 ./Drivers/STM32L0xx_HAL_Driver/stm32l0xx_hal_rcc.o
                0x0000000008001ee0                HAL_RCC_GetHCLKFreq
 .text.HAL_RCC_GetPCLK1Freq
                0x0000000008001ef4       0x2c ./Drivers/STM32L0xx_HAL_Driver/stm32l0xx_hal_rcc.o
                0x0000000008001ef4                HAL_RCC_GetPCLK1Freq
 .text.HAL_RCC_GetPCLK2Freq
                0x0000000008001f20       0x2c ./Drivers/STM32L0xx_HAL_Driver/stm32l0xx_hal_rcc.o
                0x0000000008001f20                HAL_RCC_GetPCLK2Freq
 .text.HAL_RCCEx_PeriphCLKConfig
                0x0000000008001f4c      0x258 ./Drivers/STM32L0xx_HAL_Driver/stm32l0xx_hal_rcc_ex.o
                0x0000000008001f4c                HAL_RCCEx_PeriphCLKConfig
 .text.HAL_SPI_Init
                0x00000000080021a4      0x112 ./Drivers/STM32L0xx_HAL_Driver/stm32l0xx_hal_spi.o
                0x00000000080021a4                HAL_SPI_Init
 .text.HAL_TIM_PWM_Init
                0x00000000080022b6       0x80 ./Drivers/STM32L0xx_HAL_Driver/stm32l0xx_hal_tim.o
                0x00000000080022b6                HAL_TIM_PWM_Init
 *fill*         0x0000000008002336        0x2 
 .text.HAL_TIM_PWM_ConfigChannel
                0x0000000008002338      0x18c ./Drivers/STM32L0xx_HAL_Driver/stm32l0xx_hal_tim.o
                0x0000000008002338                HAL_TIM_PWM_ConfigChannel
 .text.TIM_Base_SetConfig
                0x00000000080024c4       0x94 ./Drivers/STM32L0xx_HAL_Driver/stm32l0xx_hal_tim.o
 .text.TIM_OC1_SetConfig
                0x0000000008002558       0x78 ./Drivers/STM32L0xx_HAL_Driver/stm32l0xx_hal_tim.o
 .text.TIM_OC2_SetConfig
                0x00000000080025d0       0x84 ./Drivers/STM32L0xx_HAL_Driver/stm32l0xx_hal_tim.o
 .text.TIM_OC3_SetConfig
                0x0000000008002654       0x80 ./Drivers/STM32L0xx_HAL_Driver/stm32l0xx_hal_tim.o
 .text.TIM_OC4_SetConfig
                0x00000000080026d4       0x8c ./Drivers/STM32L0xx_HAL_Driver/stm32l0xx_hal_tim.o
 .text.HAL_TIMEx_MasterConfigSynchronization
                0x0000000008002760       0xa0 ./Drivers/STM32L0xx_HAL_Driver/stm32l0xx_hal_tim_ex.o
                0x0000000008002760                HAL_TIMEx_MasterConfigSynchronization
 .text.HAL_UART_Init
                0x0000000008002800       0xa8 ./Drivers/STM32L0xx_HAL_Driver/stm32l0xx_hal_uart.o
                0x0000000008002800                HAL_UART_Init
 .text.UART_SetConfig
                0x00000000080028a8      0x494 ./Drivers/STM32L0xx_HAL_Driver/stm32l0xx_hal_uart.o
                0x00000000080028a8                UART_SetConfig
 .text.UART_AdvFeatureConfig
                0x0000000008002d3c      0x168 ./Drivers/STM32L0xx_HAL_Driver/stm32l0xx_hal_uart.o
                0x0000000008002d3c                UART_AdvFeatureConfig
 .text.UART_CheckIdleState
                0x0000000008002ea4      0x150 ./Drivers/STM32L0xx_HAL_Driver/stm32l0xx_hal_uart.o
                0x0000000008002ea4                UART_CheckIdleState
 .text.UART_WaitOnFlagUntilTimeout
                0x0000000008002ff4       0xd2 ./Drivers/STM32L0xx_HAL_Driver/stm32l0xx_hal_uart.o
                0x0000000008002ff4                UART_WaitOnFlagUntilTimeout
 *fill*         0x00000000080030c6        0x2 
 .text.UART_EndRxTransfer
                0x00000000080030c8       0xc8 ./Drivers/STM32L0xx_HAL_Driver/stm32l0xx_hal_uart.o
 .text.memset   0x0000000008003190       0x10 /Applications/STM32CubeIDE.app/Contents/Eclipse/plugins/com.st.stm32cube.ide.mcu.externaltools.gnu-tools-for-stm32.11.3.rel1.macos64_1.1.0.202305231506/tools/bin/../lib/gcc/arm-none-eabi/11.3.1/../../../../arm-none-eabi/lib/thumb/v6-m/nofp/libc_nano.a(libc_a-memset.o)
                0x0000000008003190                memset
 .text.__libc_init_array
                0x00000000080031a0       0x48 /Applications/STM32CubeIDE.app/Contents/Eclipse/plugins/com.st.stm32cube.ide.mcu.externaltools.gnu-tools-for-stm32.11.3.rel1.macos64_1.1.0.202305231506/tools/bin/../lib/gcc/arm-none-eabi/11.3.1/../../../../arm-none-eabi/lib/thumb/v6-m/nofp/libc_nano.a(libc_a-init.o)
                0x00000000080031a0                __libc_init_array
 *(.glue_7)
 .glue_7        0x00000000080031e8        0x0 linker stubs
 *(.glue_7t)
 .glue_7t       0x00000000080031e8        0x0 linker stubs
 *(.eh_frame)
 .eh_frame      0x00000000080031e8        0x0 /Applications/STM32CubeIDE.app/Contents/Eclipse/plugins/com.st.stm32cube.ide.mcu.externaltools.gnu-tools-for-stm32.11.3.rel1.macos64_1.1.0.202305231506/tools/bin/../lib/gcc/arm-none-eabi/11.3.1/thumb/v6-m/nofp/crtbegin.o
 *(.init)
 .init          0x00000000080031e8        0x4 /Applications/STM32CubeIDE.app/Contents/Eclipse/plugins/com.st.stm32cube.ide.mcu.externaltools.gnu-tools-for-stm32.11.3.rel1.macos64_1.1.0.202305231506/tools/bin/../lib/gcc/arm-none-eabi/11.3.1/thumb/v6-m/nofp/crti.o
                0x00000000080031e8                _init
 .init          0x00000000080031ec        0x8 /Applications/STM32CubeIDE.app/Contents/Eclipse/plugins/com.st.stm32cube.ide.mcu.externaltools.gnu-tools-for-stm32.11.3.rel1.macos64_1.1.0.202305231506/tools/bin/../lib/gcc/arm-none-eabi/11.3.1/thumb/v6-m/nofp/crtn.o
 *(.fini)
 .fini          0x00000000080031f4        0x4 /Applications/STM32CubeIDE.app/Contents/Eclipse/plugins/com.st.stm32cube.ide.mcu.externaltools.gnu-tools-for-stm32.11.3.rel1.macos64_1.1.0.202305231506/tools/bin/../lib/gcc/arm-none-eabi/11.3.1/thumb/v6-m/nofp/crti.o
                0x00000000080031f4                _fini
 .fini          0x00000000080031f8        0x8 /Applications/STM32CubeIDE.app/Contents/Eclipse/plugins/com.st.stm32cube.ide.mcu.externaltools.gnu-tools-for-stm32.11.3.rel1.macos64_1.1.0.202305231506/tools/bin/../lib/gcc/arm-none-eabi/11.3.1/thumb/v6-m/nofp/crtn.o
                0x0000000008003200                . = ALIGN (0x4)
                0x0000000008003200                _etext = .

.vfp11_veneer   0x0000000008003200        0x0
 .vfp11_veneer  0x0000000008003200        0x0 linker stubs

.v4_bx          0x0000000008003200        0x0
 .v4_bx         0x0000000008003200        0x0 linker stubs

.iplt           0x0000000008003200        0x0
 .iplt          0x0000000008003200        0x0 /Applications/STM32CubeIDE.app/Contents/Eclipse/plugins/com.st.stm32cube.ide.mcu.externaltools.gnu-tools-for-stm32.11.3.rel1.macos64_1.1.0.202305231506/tools/bin/../lib/gcc/arm-none-eabi/11.3.1/thumb/v6-m/nofp/crtbegin.o

.rodata         0x0000000008003200       0x6c
                0x0000000008003200                . = ALIGN (0x4)
 *(.rodata)
 *(.rodata*)
 .rodata.AHBPrescTable
                0x0000000008003200       0x10 ./Core/Src/system_stm32l0xx.o
                0x0000000008003200                AHBPrescTable
 .rodata.APBPrescTable
                0x0000000008003210        0x8 ./Core/Src/system_stm32l0xx.o
                0x0000000008003210                APBPrescTable
 .rodata.PLLMulTable
                0x0000000008003218        0x9 ./Core/Src/system_stm32l0xx.o
                0x0000000008003218                PLLMulTable
 *fill*         0x0000000008003221        0x3 
 .rodata.UART_SetConfig
                0x0000000008003224       0x48 ./Drivers/STM32L0xx_HAL_Driver/stm32l0xx_hal_uart.o
                0x000000000800326c                . = ALIGN (0x4)

.ARM.extab      0x000000000800326c        0x0
                0x000000000800326c                . = ALIGN (0x4)
 *(.ARM.extab* .gnu.linkonce.armextab.*)
                0x000000000800326c                . = ALIGN (0x4)

.ARM            0x000000000800326c        0x8
                0x000000000800326c                . = ALIGN (0x4)
                0x000000000800326c                __exidx_start = .
 *(.ARM.exidx*)
 .ARM.exidx     0x000000000800326c        0x8 /Applications/STM32CubeIDE.app/Contents/Eclipse/plugins/com.st.stm32cube.ide.mcu.externaltools.gnu-tools-for-stm32.11.3.rel1.macos64_1.1.0.202305231506/tools/bin/../lib/gcc/arm-none-eabi/11.3.1/thumb/v6-m/nofp/libgcc.a(_udivmoddi4.o)
                0x0000000008003274                __exidx_end = .
                0x0000000008003274                . = ALIGN (0x4)

.rel.dyn        0x0000000008003274        0x0
 .rel.iplt      0x0000000008003274        0x0 /Applications/STM32CubeIDE.app/Contents/Eclipse/plugins/com.st.stm32cube.ide.mcu.externaltools.gnu-tools-for-stm32.11.3.rel1.macos64_1.1.0.202305231506/tools/bin/../lib/gcc/arm-none-eabi/11.3.1/thumb/v6-m/nofp/crtbegin.o

.preinit_array  0x0000000008003274        0x0
                0x0000000008003274                . = ALIGN (0x4)
                0x0000000008003274                PROVIDE (__preinit_array_start = .)
 *(.preinit_array*)
                0x0000000008003274                PROVIDE (__preinit_array_end = .)
                0x0000000008003274                . = ALIGN (0x4)

.init_array     0x0000000008003274        0x4
                0x0000000008003274                . = ALIGN (0x4)
                0x0000000008003274                PROVIDE (__init_array_start = .)
 *(SORT_BY_NAME(.init_array.*))
 *(.init_array*)
 .init_array    0x0000000008003274        0x4 /Applications/STM32CubeIDE.app/Contents/Eclipse/plugins/com.st.stm32cube.ide.mcu.externaltools.gnu-tools-for-stm32.11.3.rel1.macos64_1.1.0.202305231506/tools/bin/../lib/gcc/arm-none-eabi/11.3.1/thumb/v6-m/nofp/crtbegin.o
                0x0000000008003278                PROVIDE (__init_array_end = .)
                0x0000000008003278                . = ALIGN (0x4)

.fini_array     0x0000000008003278        0x4
                0x0000000008003278                . = ALIGN (0x4)
                [!provide]                        PROVIDE (__fini_array_start = .)
 *(SORT_BY_NAME(.fini_array.*))
 *(.fini_array*)
 .fini_array    0x0000000008003278        0x4 /Applications/STM32CubeIDE.app/Contents/Eclipse/plugins/com.st.stm32cube.ide.mcu.externaltools.gnu-tools-for-stm32.11.3.rel1.macos64_1.1.0.202305231506/tools/bin/../lib/gcc/arm-none-eabi/11.3.1/thumb/v6-m/nofp/crtbegin.o
                [!provide]                        PROVIDE (__fini_array_end = .)
                0x000000000800327c                . = ALIGN (0x4)
                0x000000000800327c                _sidata = LOADADDR (.data)

.data           0x0000000020000000        0xc load address 0x000000000800327c
                0x0000000020000000                . = ALIGN (0x4)
                0x0000000020000000                _sdata = .
 *(.data)
 *(.data*)
 .data.SystemCoreClock
                0x0000000020000000        0x4 ./Core/Src/system_stm32l0xx.o
                0x0000000020000000                SystemCoreClock
 .data.uwTickPrio
                0x0000000020000004        0x4 ./Drivers/STM32L0xx_HAL_Driver/stm32l0xx_hal.o
                0x0000000020000004                uwTickPrio
 .data.uwTickFreq
                0x0000000020000008        0x1 ./Drivers/STM32L0xx_HAL_Driver/stm32l0xx_hal.o
                0x0000000020000008                uwTickFreq
 *(.RamFunc)
 *(.RamFunc*)
                0x000000002000000c                . = ALIGN (0x4)
 *fill*         0x0000000020000009        0x3 
                0x000000002000000c                _edata = .

.igot.plt       0x000000002000000c        0x0 load address 0x0000000008003288
 .igot.plt      0x000000002000000c        0x0 /Applications/STM32CubeIDE.app/Contents/Eclipse/plugins/com.st.stm32cube.ide.mcu.externaltools.gnu-tools-for-stm32.11.3.rel1.macos64_1.1.0.202305231506/tools/bin/../lib/gcc/arm-none-eabi/11.3.1/thumb/v6-m/nofp/crtbegin.o
                0x000000002000000c                . = ALIGN (0x4)

.bss            0x000000002000000c      0x194 load address 0x0000000008003288
                0x000000002000000c                _sbss = .
                0x000000002000000c                __bss_start__ = _sbss
 *(.bss)
 .bss           0x000000002000000c       0x1c /Applications/STM32CubeIDE.app/Contents/Eclipse/plugins/com.st.stm32cube.ide.mcu.externaltools.gnu-tools-for-stm32.11.3.rel1.macos64_1.1.0.202305231506/tools/bin/../lib/gcc/arm-none-eabi/11.3.1/thumb/v6-m/nofp/crtbegin.o
 *(.bss*)
 .bss.hi2c1     0x0000000020000028       0x54 ./Core/Src/main.o
                0x0000000020000028                hi2c1
 .bss.hspi1     0x000000002000007c       0x58 ./Core/Src/main.o
                0x000000002000007c                hspi1
 .bss.htim2     0x00000000200000d4       0x40 ./Core/Src/main.o
                0x00000000200000d4                htim2
 .bss.huart2    0x0000000020000114       0x88 ./Core/Src/main.o
                0x0000000020000114                huart2
 .bss.uwTick    0x000000002000019c        0x4 ./Drivers/STM32L0xx_HAL_Driver/stm32l0xx_hal.o
                0x000000002000019c                uwTick
 *(COMMON)
                0x00000000200001a0                . = ALIGN (0x4)
                0x00000000200001a0                _ebss = .
                0x00000000200001a0                __bss_end__ = _ebss

._user_heap_stack
                0x00000000200001a0      0x400 load address 0x0000000008003288
                0x00000000200001a0                . = ALIGN (0x8)
                [!provide]                        PROVIDE (end = .)
                0x00000000200001a0                PROVIDE (_end = .)
                0x00000000200001a0                . = (. + _Min_Heap_Size)
                0x00000000200005a0                . = (. + _Min_Stack_Size)
 *fill*         0x00000000200001a0      0x400 
                0x00000000200005a0                . = ALIGN (0x8)

/DISCARD/
 libc.a(*)
 libm.a(*)
 libgcc.a(*)

.ARM.attributes
                0x0000000000000000       0x28
 *(.ARM.attributes)
 .ARM.attributes
                0x0000000000000000       0x1e /Applications/STM32CubeIDE.app/Contents/Eclipse/plugins/com.st.stm32cube.ide.mcu.externaltools.gnu-tools-for-stm32.11.3.rel1.macos64_1.1.0.202305231506/tools/bin/../lib/gcc/arm-none-eabi/11.3.1/thumb/v6-m/nofp/crti.o
 .ARM.attributes
                0x000000000000001e       0x2c /Applications/STM32CubeIDE.app/Contents/Eclipse/plugins/com.st.stm32cube.ide.mcu.externaltools.gnu-tools-for-stm32.11.3.rel1.macos64_1.1.0.202305231506/tools/bin/../lib/gcc/arm-none-eabi/11.3.1/thumb/v6-m/nofp/crtbegin.o
 .ARM.attributes
                0x000000000000004a       0x2c ./Core/Src/main.o
 .ARM.attributes
                0x0000000000000076       0x2c ./Core/Src/stm32l0xx_hal_msp.o
 .ARM.attributes
                0x00000000000000a2       0x2c ./Core/Src/stm32l0xx_it.o
 .ARM.attributes
                0x00000000000000ce       0x2c ./Core/Src/system_stm32l0xx.o
 .ARM.attributes
                0x00000000000000fa       0x22 ./Core/Startup/startup_stm32l011f4ux.o
 .ARM.attributes
                0x000000000000011c       0x2c ./Drivers/STM32L0xx_HAL_Driver/stm32l0xx_hal.o
 .ARM.attributes
                0x0000000000000148       0x2c ./Drivers/STM32L0xx_HAL_Driver/stm32l0xx_hal_cortex.o
 .ARM.attributes
                0x0000000000000174       0x2c ./Drivers/STM32L0xx_HAL_Driver/stm32l0xx_hal_gpio.o
 .ARM.attributes
                0x00000000000001a0       0x2c ./Drivers/STM32L0xx_HAL_Driver/stm32l0xx_hal_i2c.o
 .ARM.attributes
                0x00000000000001cc       0x2c ./Drivers/STM32L0xx_HAL_Driver/stm32l0xx_hal_i2c_ex.o
 .ARM.attributes
                0x00000000000001f8       0x2c ./Drivers/STM32L0xx_HAL_Driver/stm32l0xx_hal_rcc.o
 .ARM.attributes
                0x0000000000000224       0x2c ./Drivers/STM32L0xx_HAL_Driver/stm32l0xx_hal_rcc_ex.o
 .ARM.attributes
                0x0000000000000250       0x2c ./Drivers/STM32L0xx_HAL_Driver/stm32l0xx_hal_spi.o
 .ARM.attributes
                0x000000000000027c       0x2c ./Drivers/STM32L0xx_HAL_Driver/stm32l0xx_hal_tim.o
 .ARM.attributes
                0x00000000000002a8       0x2c ./Drivers/STM32L0xx_HAL_Driver/stm32l0xx_hal_tim_ex.o
 .ARM.attributes
                0x00000000000002d4       0x2c ./Drivers/STM32L0xx_HAL_Driver/stm32l0xx_hal_uart.o
 .ARM.attributes
                0x0000000000000300       0x2c /Applications/STM32CubeIDE.app/Contents/Eclipse/plugins/com.st.stm32cube.ide.mcu.externaltools.gnu-tools-for-stm32.11.3.rel1.macos64_1.1.0.202305231506/tools/bin/../lib/gcc/arm-none-eabi/11.3.1/../../../../arm-none-eabi/lib/thumb/v6-m/nofp/libc_nano.a(libc_a-memset.o)
 .ARM.attributes
                0x000000000000032c       0x2c /Applications/STM32CubeIDE.app/Contents/Eclipse/plugins/com.st.stm32cube.ide.mcu.externaltools.gnu-tools-for-stm32.11.3.rel1.macos64_1.1.0.202305231506/tools/bin/../lib/gcc/arm-none-eabi/11.3.1/../../../../arm-none-eabi/lib/thumb/v6-m/nofp/libc_nano.a(libc_a-init.o)
 .ARM.attributes
                0x0000000000000358       0x1e /Applications/STM32CubeIDE.app/Contents/Eclipse/plugins/com.st.stm32cube.ide.mcu.externaltools.gnu-tools-for-stm32.11.3.rel1.macos64_1.1.0.202305231506/tools/bin/../lib/gcc/arm-none-eabi/11.3.1/thumb/v6-m/nofp/libgcc.a(_udivsi3.o)
 .ARM.attributes
                0x0000000000000376       0x1e /Applications/STM32CubeIDE.app/Contents/Eclipse/plugins/com.st.stm32cube.ide.mcu.externaltools.gnu-tools-for-stm32.11.3.rel1.macos64_1.1.0.202305231506/tools/bin/../lib/gcc/arm-none-eabi/11.3.1/thumb/v6-m/nofp/libgcc.a(_dvmd_tls.o)
 .ARM.attributes
                0x0000000000000394       0x1e /Applications/STM32CubeIDE.app/Contents/Eclipse/plugins/com.st.stm32cube.ide.mcu.externaltools.gnu-tools-for-stm32.11.3.rel1.macos64_1.1.0.202305231506/tools/bin/../lib/gcc/arm-none-eabi/11.3.1/thumb/v6-m/nofp/libgcc.a(_aeabi_uldivmod.o)
 .ARM.attributes
                0x00000000000003b2       0x2c /Applications/STM32CubeIDE.app/Contents/Eclipse/plugins/com.st.stm32cube.ide.mcu.externaltools.gnu-tools-for-stm32.11.3.rel1.macos64_1.1.0.202305231506/tools/bin/../lib/gcc/arm-none-eabi/11.3.1/thumb/v6-m/nofp/libgcc.a(_muldi3.o)
 .ARM.attributes
                0x00000000000003de       0x2c /Applications/STM32CubeIDE.app/Contents/Eclipse/plugins/com.st.stm32cube.ide.mcu.externaltools.gnu-tools-for-stm32.11.3.rel1.macos64_1.1.0.202305231506/tools/bin/../lib/gcc/arm-none-eabi/11.3.1/thumb/v6-m/nofp/libgcc.a(_udivmoddi4.o)
 .ARM.attributes
                0x000000000000040a       0x1e /Applications/STM32CubeIDE.app/Contents/Eclipse/plugins/com.st.stm32cube.ide.mcu.externaltools.gnu-tools-for-stm32.11.3.rel1.macos64_1.1.0.202305231506/tools/bin/../lib/gcc/arm-none-eabi/11.3.1/thumb/v6-m/nofp/libgcc.a(_clzdi2.o)
 .ARM.attributes
                0x0000000000000428       0x1e /Applications/STM32CubeIDE.app/Contents/Eclipse/plugins/com.st.stm32cube.ide.mcu.externaltools.gnu-tools-for-stm32.11.3.rel1.macos64_1.1.0.202305231506/tools/bin/../lib/gcc/arm-none-eabi/11.3.1/thumb/v6-m/nofp/libgcc.a(_clzsi2.o)
 .ARM.attributes
                0x0000000000000446       0x1e /Applications/STM32CubeIDE.app/Contents/Eclipse/plugins/com.st.stm32cube.ide.mcu.externaltools.gnu-tools-for-stm32.11.3.rel1.macos64_1.1.0.202305231506/tools/bin/../lib/gcc/arm-none-eabi/11.3.1/thumb/v6-m/nofp/crtn.o
OUTPUT(pennyesc_FW.elf elf32-littlearm)
LOAD linker stubs
LOAD /Applications/STM32CubeIDE.app/Contents/Eclipse/plugins/com.st.stm32cube.ide.mcu.externaltools.gnu-tools-for-stm32.11.3.rel1.macos64_1.1.0.202305231506/tools/bin/../lib/gcc/arm-none-eabi/11.3.1/../../../../arm-none-eabi/lib/thumb/v6-m/nofp/libc.a
LOAD /Applications/STM32CubeIDE.app/Contents/Eclipse/plugins/com.st.stm32cube.ide.mcu.externaltools.gnu-tools-for-stm32.11.3.rel1.macos64_1.1.0.202305231506/tools/bin/../lib/gcc/arm-none-eabi/11.3.1/../../../../arm-none-eabi/lib/thumb/v6-m/nofp/libm.a
LOAD /Applications/STM32CubeIDE.app/Contents/Eclipse/plugins/com.st.stm32cube.ide.mcu.externaltools.gnu-tools-for-stm32.11.3.rel1.macos64_1.1.0.202305231506/tools/bin/../lib/gcc/arm-none-eabi/11.3.1/thumb/v6-m/nofp/libgcc.a

.comment        0x0000000000000000       0x43
 .comment       0x0000000000000000       0x43 /Applications/STM32CubeIDE.app/Contents/Eclipse/plugins/com.st.stm32cube.ide.mcu.externaltools.gnu-tools-for-stm32.11.3.rel1.macos64_1.1.0.202305231506/tools/bin/../lib/gcc/arm-none-eabi/11.3.1/thumb/v6-m/nofp/crtbegin.o
                                         0x44 (size before relaxing)
 .comment       0x0000000000000043       0x44 ./Core/Src/main.o
 .comment       0x0000000000000043       0x44 ./Core/Src/stm32l0xx_hal_msp.o
 .comment       0x0000000000000043       0x44 ./Core/Src/stm32l0xx_it.o
 .comment       0x0000000000000043       0x44 ./Core/Src/system_stm32l0xx.o
 .comment       0x0000000000000043       0x44 ./Drivers/STM32L0xx_HAL_Driver/stm32l0xx_hal.o
 .comment       0x0000000000000043       0x44 ./Drivers/STM32L0xx_HAL_Driver/stm32l0xx_hal_cortex.o
 .comment       0x0000000000000043       0x44 ./Drivers/STM32L0xx_HAL_Driver/stm32l0xx_hal_gpio.o
 .comment       0x0000000000000043       0x44 ./Drivers/STM32L0xx_HAL_Driver/stm32l0xx_hal_i2c.o
 .comment       0x0000000000000043       0x44 ./Drivers/STM32L0xx_HAL_Driver/stm32l0xx_hal_i2c_ex.o
 .comment       0x0000000000000043       0x44 ./Drivers/STM32L0xx_HAL_Driver/stm32l0xx_hal_rcc.o
 .comment       0x0000000000000043       0x44 ./Drivers/STM32L0xx_HAL_Driver/stm32l0xx_hal_rcc_ex.o
 .comment       0x0000000000000043       0x44 ./Drivers/STM32L0xx_HAL_Driver/stm32l0xx_hal_spi.o
 .comment       0x0000000000000043       0x44 ./Drivers/STM32L0xx_HAL_Driver/stm32l0xx_hal_tim.o
 .comment       0x0000000000000043       0x44 ./Drivers/STM32L0xx_HAL_Driver/stm32l0xx_hal_tim_ex.o
 .comment       0x0000000000000043       0x44 ./Drivers/STM32L0xx_HAL_Driver/stm32l0xx_hal_uart.o

.debug_info     0x0000000000000000     0xf814
 .debug_info    0x0000000000000000     0x16fb ./Core/Src/main.o
 .debug_info    0x00000000000016fb     0x12fc ./Core/Src/stm32l0xx_hal_msp.o
 .debug_info    0x00000000000029f7       0xd3 ./Core/Src/stm32l0xx_it.o
 .debug_info    0x0000000000002aca      0x2d0 ./Core/Src/system_stm32l0xx.o
 .debug_info    0x0000000000002d9a       0x23 ./Core/Startup/startup_stm32l011f4ux.o
 .debug_info    0x0000000000002dbd      0x812 ./Drivers/STM32L0xx_HAL_Driver/stm32l0xx_hal.o
 .debug_info    0x00000000000035cf      0x672 ./Drivers/STM32L0xx_HAL_Driver/stm32l0xx_hal_cortex.o
 .debug_info    0x0000000000003c41      0x625 ./Drivers/STM32L0xx_HAL_Driver/stm32l0xx_hal_gpio.o
 .debug_info    0x0000000000004266     0x205f ./Drivers/STM32L0xx_HAL_Driver/stm32l0xx_hal_i2c.o
 .debug_info    0x00000000000062c5      0x884 ./Drivers/STM32L0xx_HAL_Driver/stm32l0xx_hal_i2c_ex.o
 .debug_info    0x0000000000006b49      0x91a ./Drivers/STM32L0xx_HAL_Driver/stm32l0xx_hal_rcc.o
 .debug_info    0x0000000000007463      0x46d ./Drivers/STM32L0xx_HAL_Driver/stm32l0xx_hal_rcc_ex.o
 .debug_info    0x00000000000078d0     0x15b2 ./Drivers/STM32L0xx_HAL_Driver/stm32l0xx_hal_spi.o
 .debug_info    0x0000000000008e82     0x27b3 ./Drivers/STM32L0xx_HAL_Driver/stm32l0xx_hal_tim.o
 .debug_info    0x000000000000b635      0x6af ./Drivers/STM32L0xx_HAL_Driver/stm32l0xx_hal_tim_ex.o
 .debug_info    0x000000000000bce4     0x3b30 ./Drivers/STM32L0xx_HAL_Driver/stm32l0xx_hal_uart.o

.debug_abbrev   0x0000000000000000     0x1f41
 .debug_abbrev  0x0000000000000000      0x2ba ./Core/Src/main.o
 .debug_abbrev  0x00000000000002ba      0x231 ./Core/Src/stm32l0xx_hal_msp.o
 .debug_abbrev  0x00000000000004eb       0x73 ./Core/Src/stm32l0xx_it.o
 .debug_abbrev  0x000000000000055e      0x11c ./Core/Src/system_stm32l0xx.o
 .debug_abbrev  0x000000000000067a       0x12 ./Core/Startup/startup_stm32l011f4ux.o
 .debug_abbrev  0x000000000000068c      0x2a4 ./Drivers/STM32L0xx_HAL_Driver/stm32l0xx_hal.o
 .debug_abbrev  0x0000000000000930      0x26f ./Drivers/STM32L0xx_HAL_Driver/stm32l0xx_hal_cortex.o
 .debug_abbrev  0x0000000000000b9f      0x1ca ./Drivers/STM32L0xx_HAL_Driver/stm32l0xx_hal_gpio.o
 .debug_abbrev  0x0000000000000d69      0x270 ./Drivers/STM32L0xx_HAL_Driver/stm32l0xx_hal_i2c.o
 .debug_abbrev  0x0000000000000fd9      0x1b9 ./Drivers/STM32L0xx_HAL_Driver/stm32l0xx_hal_i2c_ex.o
 .debug_abbrev  0x0000000000001192      0x262 ./Drivers/STM32L0xx_HAL_Driver/stm32l0xx_hal_rcc.o
 .debug_abbrev  0x00000000000013f4      0x1d2 ./Drivers/STM32L0xx_HAL_Driver/stm32l0xx_hal_rcc_ex.o
 .debug_abbrev  0x00000000000015c6      0x27e ./Drivers/STM32L0xx_HAL_Driver/stm32l0xx_hal_spi.o
 .debug_abbrev  0x0000000000001844      0x272 ./Drivers/STM32L0xx_HAL_Driver/stm32l0xx_hal_tim.o
 .debug_abbrev  0x0000000000001ab6      0x1ab ./Drivers/STM32L0xx_HAL_Driver/stm32l0xx_hal_tim_ex.o
 .debug_abbrev  0x0000000000001c61      0x2e0 ./Drivers/STM32L0xx_HAL_Driver/stm32l0xx_hal_uart.o

.debug_aranges  0x0000000000000000      0xf10
 .debug_aranges
                0x0000000000000000       0x58 ./Core/Src/main.o
 .debug_aranges
                0x0000000000000058       0x68 ./Core/Src/stm32l0xx_hal_msp.o
 .debug_aranges
                0x00000000000000c0       0x40 ./Core/Src/stm32l0xx_it.o
 .debug_aranges
                0x0000000000000100       0x28 ./Core/Src/system_stm32l0xx.o
 .debug_aranges
                0x0000000000000128       0x28 ./Core/Startup/startup_stm32l011f4ux.o
 .debug_aranges
                0x0000000000000150      0x110 ./Drivers/STM32L0xx_HAL_Driver/stm32l0xx_hal.o
 .debug_aranges
                0x0000000000000260       0xc0 ./Drivers/STM32L0xx_HAL_Driver/stm32l0xx_hal_cortex.o
 .debug_aranges
                0x0000000000000320       0x58 ./Drivers/STM32L0xx_HAL_Driver/stm32l0xx_hal_gpio.o
 .debug_aranges
                0x0000000000000378      0x2a0 ./Drivers/STM32L0xx_HAL_Driver/stm32l0xx_hal_i2c.o
 .debug_aranges
                0x0000000000000618       0x48 ./Drivers/STM32L0xx_HAL_Driver/stm32l0xx_hal_i2c_ex.o
 .debug_aranges
                0x0000000000000660       0x68 ./Drivers/STM32L0xx_HAL_Driver/stm32l0xx_hal_rcc.o
 .debug_aranges
                0x00000000000006c8       0x58 ./Drivers/STM32L0xx_HAL_Driver/stm32l0xx_hal_rcc_ex.o
 .debug_aranges
                0x0000000000000720      0x1d0 ./Drivers/STM32L0xx_HAL_Driver/stm32l0xx_hal_spi.o
 .debug_aranges
                0x00000000000008f0      0x3d0 ./Drivers/STM32L0xx_HAL_Driver/stm32l0xx_hal_tim.o
 .debug_aranges
                0x0000000000000cc0       0x28 ./Drivers/STM32L0xx_HAL_Driver/stm32l0xx_hal_tim_ex.o
 .debug_aranges
                0x0000000000000ce8      0x228 ./Drivers/STM32L0xx_HAL_Driver/stm32l0xx_hal_uart.o

.debug_rnglists
                0x0000000000000000      0xbe0
 .debug_rnglists
                0x0000000000000000       0x41 ./Core/Src/main.o
 .debug_rnglists
                0x0000000000000041       0x4c ./Core/Src/stm32l0xx_hal_msp.o
 .debug_rnglists
                0x000000000000008d       0x2b ./Core/Src/stm32l0xx_it.o
 .debug_rnglists
                0x00000000000000b8       0x1a ./Core/Src/system_stm32l0xx.o
 .debug_rnglists
                0x00000000000000d2       0x1a ./Core/Startup/startup_stm32l011f4ux.o
 .debug_rnglists
                0x00000000000000ec       0xc7 ./Drivers/STM32L0xx_HAL_Driver/stm32l0xx_hal.o
 .debug_rnglists
                0x00000000000001b3       0x8c ./Drivers/STM32L0xx_HAL_Driver/stm32l0xx_hal_cortex.o
 .debug_rnglists
                0x000000000000023f       0x3f ./Drivers/STM32L0xx_HAL_Driver/stm32l0xx_hal_gpio.o
 .debug_rnglists
                0x000000000000027e      0x229 ./Drivers/STM32L0xx_HAL_Driver/stm32l0xx_hal_i2c.o
 .debug_rnglists
                0x00000000000004a7       0x35 ./Drivers/STM32L0xx_HAL_Driver/stm32l0xx_hal_i2c_ex.o
 .debug_rnglists
                0x00000000000004dc       0x4f ./Drivers/STM32L0xx_HAL_Driver/stm32l0xx_hal_rcc.o
 .debug_rnglists
                0x000000000000052b       0x40 ./Drivers/STM32L0xx_HAL_Driver/stm32l0xx_hal_rcc_ex.o
 .debug_rnglists
                0x000000000000056b      0x171 ./Drivers/STM32L0xx_HAL_Driver/stm32l0xx_hal_spi.o
 .debug_rnglists
                0x00000000000006dc      0x30f ./Drivers/STM32L0xx_HAL_Driver/stm32l0xx_hal_tim.o
 .debug_rnglists
                0x00000000000009eb       0x1a ./Drivers/STM32L0xx_HAL_Driver/stm32l0xx_hal_tim_ex.o
 .debug_rnglists
                0x0000000000000a05      0x1db ./Drivers/STM32L0xx_HAL_Driver/stm32l0xx_hal_uart.o

.debug_macro    0x0000000000000000    0x1123a
 .debug_macro   0x0000000000000000      0x1d8 ./Core/Src/main.o
 .debug_macro   0x00000000000001d8      0xa7e ./Core/Src/main.o
 .debug_macro   0x0000000000000c56      0x12b ./Core/Src/main.o
 .debug_macro   0x0000000000000d81       0x2e ./Core/Src/main.o
 .debug_macro   0x0000000000000daf       0x28 ./Core/Src/main.o
 .debug_macro   0x0000000000000dd7       0x22 ./Core/Src/main.o
 .debug_macro   0x0000000000000df9       0x8e ./Core/Src/main.o
 .debug_macro   0x0000000000000e87       0x51 ./Core/Src/main.o
 .debug_macro   0x0000000000000ed8      0x103 ./Core/Src/main.o
 .debug_macro   0x0000000000000fdb       0x6a ./Core/Src/main.o
 .debug_macro   0x0000000000001045      0x1df ./Core/Src/main.o
 .debug_macro   0x0000000000001224       0x1c ./Core/Src/main.o
 .debug_macro   0x0000000000001240       0x22 ./Core/Src/main.o
 .debug_macro   0x0000000000001262       0xaf ./Core/Src/main.o
 .debug_macro   0x0000000000001311      0x3ad ./Core/Src/main.o
 .debug_macro   0x00000000000016be     0x7baa ./Core/Src/main.o
 .debug_macro   0x0000000000009268       0x66 ./Core/Src/main.o
 .debug_macro   0x00000000000092ce     0x3590 ./Core/Src/main.o
 .debug_macro   0x000000000000c85e      0x174 ./Core/Src/main.o
 .debug_macro   0x000000000000c9d2       0x5c ./Core/Src/main.o
 .debug_macro   0x000000000000ca2e      0x898 ./Core/Src/main.o
 .debug_macro   0x000000000000d2c6      0x42e ./Core/Src/main.o
 .debug_macro   0x000000000000d6f4      0x182 ./Core/Src/main.o
 .debug_macro   0x000000000000d876      0x13f ./Core/Src/main.o
 .debug_macro   0x000000000000d9b5       0xf1 ./Core/Src/main.o
 .debug_macro   0x000000000000daa6       0x82 ./Core/Src/main.o
 .debug_macro   0x000000000000db28      0x28e ./Core/Src/main.o
 .debug_macro   0x000000000000ddb6       0x28 ./Core/Src/main.o
 .debug_macro   0x000000000000ddde      0x128 ./Core/Src/main.o
 .debug_macro   0x000000000000df06      0x23b ./Core/Src/main.o
 .debug_macro   0x000000000000e141      0x22c ./Core/Src/main.o
 .debug_macro   0x000000000000e36d       0x5b ./Core/Src/main.o
 .debug_macro   0x000000000000e3c8       0xa5 ./Core/Src/main.o
 .debug_macro   0x000000000000e46d      0x180 ./Core/Src/main.o
 .debug_macro   0x000000000000e5ed       0x16 ./Core/Src/main.o
 .debug_macro   0x000000000000e603      0x22c ./Core/Src/main.o
 .debug_macro   0x000000000000e82f      0x788 ./Core/Src/main.o
 .debug_macro   0x000000000000efb7       0x9c ./Core/Src/main.o
 .debug_macro   0x000000000000f053      0x5cf ./Core/Src/main.o
 .debug_macro   0x000000000000f622       0x44 ./Core/Src/main.o
 .debug_macro   0x000000000000f666      0x11c ./Core/Src/main.o
 .debug_macro   0x000000000000f782      0x1d8 ./Core/Src/stm32l0xx_hal_msp.o
 .debug_macro   0x000000000000f95a      0x1e2 ./Core/Src/stm32l0xx_it.o
 .debug_macro   0x000000000000fb3c      0x1ce ./Core/Src/system_stm32l0xx.o
 .debug_macro   0x000000000000fd0a      0x1f2 ./Drivers/STM32L0xx_HAL_Driver/stm32l0xx_hal.o
 .debug_macro   0x000000000000fefc      0x1ce ./Drivers/STM32L0xx_HAL_Driver/stm32l0xx_hal_cortex.o
 .debug_macro   0x00000000000100ca      0x1d5 ./Drivers/STM32L0xx_HAL_Driver/stm32l0xx_hal_gpio.o
 .debug_macro   0x000000000001029f      0x29a ./Drivers/STM32L0xx_HAL_Driver/stm32l0xx_hal_i2c.o
 .debug_macro   0x0000000000010539      0x1ce ./Drivers/STM32L0xx_HAL_Driver/stm32l0xx_hal_i2c_ex.o
 .debug_macro   0x0000000000010707      0x1f2 ./Drivers/STM32L0xx_HAL_Driver/stm32l0xx_hal_rcc.o
 .debug_macro   0x00000000000108f9      0x1ce ./Drivers/STM32L0xx_HAL_Driver/stm32l0xx_hal_rcc_ex.o
 .debug_macro   0x0000000000010ac7      0x1dd ./Drivers/STM32L0xx_HAL_Driver/stm32l0xx_hal_spi.o
 .debug_macro   0x0000000000010ca4      0x1cf ./Drivers/STM32L0xx_HAL_Driver/stm32l0xx_hal_tim.o
 .debug_macro   0x0000000000010e73      0x1ce ./Drivers/STM32L0xx_HAL_Driver/stm32l0xx_hal_tim_ex.o
 .debug_macro   0x0000000000011041      0x1f9 ./Drivers/STM32L0xx_HAL_Driver/stm32l0xx_hal_uart.o

.debug_line     0x0000000000000000    0x12a85
 .debug_line    0x0000000000000000      0x9f3 ./Core/Src/main.o
 .debug_line    0x00000000000009f3      0x945 ./Core/Src/stm32l0xx_hal_msp.o
 .debug_line    0x0000000000001338      0x85a ./Core/Src/stm32l0xx_it.o
 .debug_line    0x0000000000001b92      0x8a6 ./Core/Src/system_stm32l0xx.o
 .debug_line    0x0000000000002438       0x8d ./Core/Startup/startup_stm32l011f4ux.o
 .debug_line    0x00000000000024c5      0xb80 ./Drivers/STM32L0xx_HAL_Driver/stm32l0xx_hal.o
 .debug_line    0x0000000000003045      0xb57 ./Drivers/STM32L0xx_HAL_Driver/stm32l0xx_hal_cortex.o
 .debug_line    0x0000000000003b9c      0xbe7 ./Drivers/STM32L0xx_HAL_Driver/stm32l0xx_hal_gpio.o
 .debug_line    0x0000000000004783     0x38bd ./Drivers/STM32L0xx_HAL_Driver/stm32l0xx_hal_i2c.o
 .debug_line    0x0000000000008040      0xa4a ./Drivers/STM32L0xx_HAL_Driver/stm32l0xx_hal_i2c_ex.o
 .debug_line    0x0000000000008a8a      0xf6b ./Drivers/STM32L0xx_HAL_Driver/stm32l0xx_hal_rcc.o
 .debug_line    0x00000000000099f5      0xb83 ./Drivers/STM32L0xx_HAL_Driver/stm32l0xx_hal_rcc_ex.o
 .debug_line    0x000000000000a578     0x1dac ./Drivers/STM32L0xx_HAL_Driver/stm32l0xx_hal_spi.o
 .debug_line    0x000000000000c324     0x3036 ./Drivers/STM32L0xx_HAL_Driver/stm32l0xx_hal_tim.o
 .debug_line    0x000000000000f35a      0x8f3 ./Drivers/STM32L0xx_HAL_Driver/stm32l0xx_hal_tim_ex.o
 .debug_line    0x000000000000fc4d     0x2e38 ./Drivers/STM32L0xx_HAL_Driver/stm32l0xx_hal_uart.o

.debug_str      0x0000000000000000    0x6ad4f
 .debug_str     0x0000000000000000    0x672b7 ./Core/Src/main.o
                                      0x676e4 (size before relaxing)
 .debug_str     0x00000000000672b7       0xec ./Core/Src/stm32l0xx_hal_msp.o
                                      0x67357 (size before relaxing)
 .debug_str     0x00000000000673a3       0x82 ./Core/Src/stm32l0xx_it.o
                                      0x66669 (size before relaxing)
 .debug_str     0x0000000000067425       0x99 ./Core/Src/system_stm32l0xx.o
                                      0x66734 (size before relaxing)
 .debug_str     0x00000000000674be       0x34 ./Core/Startup/startup_stm32l011f4ux.o
                                         0x5f (size before relaxing)
 .debug_str     0x00000000000674f2      0x5b9 ./Drivers/STM32L0xx_HAL_Driver/stm32l0xx_hal.o
                                      0x66e03 (size before relaxing)
 .debug_str     0x0000000000067aab      0x20e ./Drivers/STM32L0xx_HAL_Driver/stm32l0xx_hal_cortex.o
                                      0x66a58 (size before relaxing)
 .debug_str     0x0000000000067cb9      0x130 ./Drivers/STM32L0xx_HAL_Driver/stm32l0xx_hal_gpio.o
                                      0x6690b (size before relaxing)
 .debug_str     0x0000000000067de9      0xe16 ./Drivers/STM32L0xx_HAL_Driver/stm32l0xx_hal_i2c.o
                                      0x67a79 (size before relaxing)
 .debug_str     0x0000000000068bff       0xd2 ./Drivers/STM32L0xx_HAL_Driver/stm32l0xx_hal_i2c_ex.o
                                      0x66cf9 (size before relaxing)
 .debug_str     0x0000000000068cd1      0x261 ./Drivers/STM32L0xx_HAL_Driver/stm32l0xx_hal_rcc.o
                                      0x66bd6 (size before relaxing)
 .debug_str     0x0000000000068f32      0x157 ./Drivers/STM32L0xx_HAL_Driver/stm32l0xx_hal_rcc_ex.o
                                      0x6696f (size before relaxing)
 .debug_str     0x0000000000069089      0x590 ./Drivers/STM32L0xx_HAL_Driver/stm32l0xx_hal_spi.o
                                      0x6705a (size before relaxing)
 .debug_str     0x0000000000069619      0xdc2 ./Drivers/STM32L0xx_HAL_Driver/stm32l0xx_hal_tim.o
                                      0x67a33 (size before relaxing)
 .debug_str     0x000000000006a3db       0x8e ./Drivers/STM32L0xx_HAL_Driver/stm32l0xx_hal_tim_ex.o
                                      0x66be8 (size before relaxing)
 .debug_str     0x000000000006a469      0x8e6 ./Drivers/STM32L0xx_HAL_Driver/stm32l0xx_hal_uart.o
                                      0x6752b (size before relaxing)

.debug_frame    0x0000000000000000     0x3764
 .debug_frame   0x0000000000000000      0x100 ./Core/Src/main.o
 .debug_frame   0x0000000000000100      0x14c ./Core/Src/stm32l0xx_hal_msp.o
 .debug_frame   0x000000000000024c       0x9c ./Core/Src/stm32l0xx_it.o
 .debug_frame   0x00000000000002e8       0x4c ./Core/Src/system_stm32l0xx.o
 .debug_frame   0x0000000000000334      0x394 ./Drivers/STM32L0xx_HAL_Driver/stm32l0xx_hal.o
 .debug_frame   0x00000000000006c8      0x2a0 ./Drivers/STM32L0xx_HAL_Driver/stm32l0xx_hal_cortex.o
 .debug_frame   0x0000000000000968      0x110 ./Drivers/STM32L0xx_HAL_Driver/stm32l0xx_hal_gpio.o
 .debug_frame   0x0000000000000a78      0xa64 ./Drivers/STM32L0xx_HAL_Driver/stm32l0xx_hal_i2c.o
 .debug_frame   0x00000000000014dc       0xd0 ./Drivers/STM32L0xx_HAL_Driver/stm32l0xx_hal_i2c_ex.o
 .debug_frame   0x00000000000015ac      0x154 ./Drivers/STM32L0xx_HAL_Driver/stm32l0xx_hal_rcc.o
 .debug_frame   0x0000000000001700       0xfc ./Drivers/STM32L0xx_HAL_Driver/stm32l0xx_hal_rcc_ex.o
 .debug_frame   0x00000000000017fc      0x6f0 ./Drivers/STM32L0xx_HAL_Driver/stm32l0xx_hal_spi.o
 .debug_frame   0x0000000000001eec      0xef8 ./Drivers/STM32L0xx_HAL_Driver/stm32l0xx_hal_tim.o
 .debug_frame   0x0000000000002de4       0x50 ./Drivers/STM32L0xx_HAL_Driver/stm32l0xx_hal_tim_ex.o
 .debug_frame   0x0000000000002e34      0x854 ./Drivers/STM32L0xx_HAL_Driver/stm32l0xx_hal_uart.o
 .debug_frame   0x0000000000003688       0x20 /Applications/STM32CubeIDE.app/Contents/Eclipse/plugins/com.st.stm32cube.ide.mcu.externaltools.gnu-tools-for-stm32.11.3.rel1.macos64_1.1.0.202305231506/tools/bin/../lib/gcc/arm-none-eabi/11.3.1/../../../../arm-none-eabi/lib/thumb/v6-m/nofp/libc_nano.a(libc_a-memset.o)
 .debug_frame   0x00000000000036a8       0x2c /Applications/STM32CubeIDE.app/Contents/Eclipse/plugins/com.st.stm32cube.ide.mcu.externaltools.gnu-tools-for-stm32.11.3.rel1.macos64_1.1.0.202305231506/tools/bin/../lib/gcc/arm-none-eabi/11.3.1/../../../../arm-none-eabi/lib/thumb/v6-m/nofp/libc_nano.a(libc_a-init.o)
 .debug_frame   0x00000000000036d4       0x20 /Applications/STM32CubeIDE.app/Contents/Eclipse/plugins/com.st.stm32cube.ide.mcu.externaltools.gnu-tools-for-stm32.11.3.rel1.macos64_1.1.0.202305231506/tools/bin/../lib/gcc/arm-none-eabi/11.3.1/thumb/v6-m/nofp/libgcc.a(_udivsi3.o)
 .debug_frame   0x00000000000036f4       0x34 /Applications/STM32CubeIDE.app/Contents/Eclipse/plugins/com.st.stm32cube.ide.mcu.externaltools.gnu-tools-for-stm32.11.3.rel1.macos64_1.1.0.202305231506/tools/bin/../lib/gcc/arm-none-eabi/11.3.1/thumb/v6-m/nofp/libgcc.a(_muldi3.o)
 .debug_frame   0x0000000000003728       0x3c /Applications/STM32CubeIDE.app/Contents/Eclipse/plugins/com.st.stm32cube.ide.mcu.externaltools.gnu-tools-for-stm32.11.3.rel1.macos64_1.1.0.202305231506/tools/bin/../lib/gcc/arm-none-eabi/11.3.1/thumb/v6-m/nofp/libgcc.a(_udivmoddi4.o)

.debug_line_str
                0x0000000000000000       0x53
 .debug_line_str
                0x0000000000000000       0x53 ./Core/Startup/startup_stm32l011f4ux.o
                                         0x6b (size before relaxing)
